[cmsmcq@Salerno outside-in (0)]$ for i in ../input/basic/flattened.xml ../input/basic/basho.xml ../input/basic/coleridge-quote.xml ; do for o in ${i##*/}; do echo; echo "****************************************************************"; echo xsltproc outside-in/raise_xslt1.0 $i $o; date; echo; time xsltproc --stringparam debug no -o output/basic/raised.basho_xsltproc.xml raise_xslt10.xsl ../input/basic/raised.${o%.xml}_1.0_xsltproc.xml; done; done

****************************************************************
xsltproc outside-in/raise_xslt1.0 ../input/basic/flattened.xml flattened.xml
Mon Jul 16 19:32:08 MDT 2018

/Library/SGML/Public/catalog.xml:-1: Catalog error : File /Library/SGML/Public/catalog.xml is not an XML Catalog
warning: failed to load external entity "../input/basic/raised.flattened_1.0_xsltproc.xml"
unable to parse ../input/basic/raised.flattened_1.0_xsltproc.xml

real	0m0.292s
user	0m0.069s
sys	0m0.019s

****************************************************************
xsltproc outside-in/raise_xslt1.0 ../input/basic/basho.xml basho.xml
Mon Jul 16 19:32:09 MDT 2018

/Library/SGML/Public/catalog.xml:-1: Catalog error : File /Library/SGML/Public/catalog.xml is not an XML Catalog
warning: failed to load external entity "../input/basic/raised.basho_1.0_xsltproc.xml"
unable to parse ../input/basic/raised.basho_1.0_xsltproc.xml

real	0m0.085s
user	0m0.069s
sys	0m0.015s

****************************************************************
xsltproc outside-in/raise_xslt1.0 ../input/basic/coleridge-quote.xml coleridge-quote.xml
Mon Jul 16 19:32:09 MDT 2018

/Library/SGML/Public/catalog.xml:-1: Catalog error : File /Library/SGML/Public/catalog.xml is not an XML Catalog
warning: failed to load external entity "../input/basic/raised.coleridge-quote_1.0_xsltproc.xml"
unable to parse ../input/basic/raised.coleridge-quote_1.0_xsltproc.xml

real	0m0.077s
user	0m0.062s
sys	0m0.014s
[cmsmcq@Salerno outside-in (6)]$ for i in ../input/basic/flattened.xml ../input/basic/basho.xml ../input/basic/coleridge-quote.xml ; do for o in ${i##*/}; do echo; echo "****************************************************************"; echo xsltproc outside-in/raise_xslt1.0 $i $o; date; echo; time xsltproc --stringparam debug no -o output/basic/raised.${o%.xml}_1.0_xsltproc.xml raise_xslt10.xsl $i; echo; done; done

****************************************************************
xsltproc outside-in/raise_xslt1.0 ../input/basic/flattened.xml flattened.xml
Mon Jul 16 19:33:18 MDT 2018


real	0m0.371s
user	0m0.008s
sys	0m0.003s


****************************************************************
xsltproc outside-in/raise_xslt1.0 ../input/basic/basho.xml basho.xml
Mon Jul 16 19:33:19 MDT 2018


real	0m0.064s
user	0m0.047s
sys	0m0.002s


****************************************************************
xsltproc outside-in/raise_xslt1.0 ../input/basic/coleridge-quote.xml coleridge-quote.xml
Mon Jul 16 19:33:19 MDT 2018


real	0m0.040s
user	0m0.021s
sys	0m0.002s

[cmsmcq@Salerno outside-in (0)]$ for dir in extended; do for i in ../input/$dir/flattened.xml ../input/$dir/basho.xml ../input/$dir/coleridge-quote.xml ; do for o in ${i##*/}; do echo; echo "****************************************************************"; echo xsltproc outside-in/raise_xslt1.0 $i $o; date; echo; time xsltproc --stringparam debug no -o output/$dir/raised.${o%.xml}_1.0_xsltproc.xml raise_xslt10.xsl $i; echo; done; done; done

****************************************************************
xsltproc outside-in/raise_xslt1.0 ../input/extended/flattened.xml flattened.xml
Mon Jul 16 19:35:32 MDT 2018


real	0m0.115s
user	0m0.008s
sys	0m0.004s


****************************************************************
xsltproc outside-in/raise_xslt1.0 ../input/extended/basho.xml basho.xml
Mon Jul 16 19:35:32 MDT 2018


real	0m0.069s
user	0m0.045s
sys	0m0.002s


****************************************************************
xsltproc outside-in/raise_xslt1.0 ../input/extended/coleridge-quote.xml coleridge-quote.xml
Mon Jul 16 19:35:32 MDT 2018


real	0m0.035s
user	0m0.022s
sys	0m0.002s

[cmsmcq@Salerno outside-in (0)]$ ls ../input/
basic		brown		extended	frankenstein	local		overlap
[cmsmcq@Salerno outside-in (0)]$ for dir in frankenstein/c10-coll; do for i in ../input/$dir/{1818,1823,1831,thomas}_c10.xml ; do for o in ${i##*/}; do echo; echo "****************************************************************"; echo xsltproc outside-in/raise_xslt1.0 $i $o; date; echo; time xsltproc --stringparam debug no -o output/$dir/raised.${o%.xml}_1.0_xsltproc.xml raise_xslt10.xsl $i; echo; done; done; done

****************************************************************
xsltproc outside-in/raise_xslt1.0 ../input/frankenstein/c10-coll/1818_c10.xml 1818_c10.xml
Mon Jul 16 19:37:38 MDT 2018


real	0m0.207s
user	0m0.012s
sys	0m0.005s


****************************************************************
xsltproc outside-in/raise_xslt1.0 ../input/frankenstein/c10-coll/1823_c10.xml 1823_c10.xml
Mon Jul 16 19:37:38 MDT 2018


real	0m0.030s
user	0m0.010s
sys	0m0.003s


****************************************************************
xsltproc outside-in/raise_xslt1.0 ../input/frankenstein/c10-coll/1831_c10.xml 1831_c10.xml
Mon Jul 16 19:37:38 MDT 2018


real	0m0.014s
user	0m0.010s
sys	0m0.003s


****************************************************************
xsltproc outside-in/raise_xslt1.0 ../input/frankenstein/c10-coll/thomas_c10.xml thomas_c10.xml
Mon Jul 16 19:37:38 MDT 2018


real	0m0.013s
user	0m0.010s
sys	0m0.003s

[cmsmcq@Salerno outside-in (0)]$ for dir in brown; do for i in ../input/$dir/r02_flattened.xml ; do for o in ${i##*/}; do echo; echo "****************************************************************"; echo xsltproc outside-in/raise_xslt1.0 $i $o; date; echo; time xsltproc --stringparam debug no -o output/$dir/raised.${o%.xml}_1.0_xsltproc.xml raise_xslt10.xsl $i; echo; done; done; done

****************************************************************
xsltproc outside-in/raise_xslt1.0 ../input/brown/r02_flattened.xml r02_flattened.xml
Mon Jul 16 19:39:43 MDT 2018


real	104m37.128s
user	104m17.521s
sys	0m11.553s

[cmsmcq@Salerno outside-in (0)]$ cd ../input/brown/
[cmsmcq@Salerno brown (0)]$ ls
Corpus_flattened.xml		README.md			r02_target.xml
Corpus_target.xml		aux
Corpus_target_wrapped.xml	r02_flattened.xml
[cmsmcq@Salerno brown (0)]$ for f in aux/r02.?.xml; do ~/bin/saxon-he-wrapper.sh $f ../../lib/flatten.xsl ${f#aux/}; done
[cmsmcq@Salerno brown (0)]$ ls
Corpus_flattened.xml		aux				r02_flattened.xml
Corpus_target.xml		r02.a.xml			r02_target.xml
Corpus_target_wrapped.xml	r02.b.xml
README.md			r02.c.xml
[cmsmcq@Salerno brown (0)]$ ls -l
total 141752
-rw-r--r--  1 cmsmcq  staff       133 Jul 10 11:21 Corpus_flattened.xml
-rw-r--r--  1 cmsmcq  staff  28300272 Jul 12 12:52 Corpus_target.xml
-rw-r--r--  1 cmsmcq  staff  43840219 Jul 12 15:17 Corpus_target_wrapped.xml
-rw-r--r--  1 cmsmcq  staff      3761 Jul  9 13:54 README.md
drwxr-xr-x  7 cmsmcq  staff       238 Jul 17 08:20 aux
-rw-r--r--  1 cmsmcq  staff     31598 Jul 17 08:23 r02.a.xml
-rw-r--r--  1 cmsmcq  staff     73785 Jul 17 08:23 r02.b.xml
-rw-r--r--  1 cmsmcq  staff    105408 Jul 17 08:23 r02.c.xml
-rw-r--r--  1 cmsmcq  staff    145459 Jul  9 13:54 r02_flattened.xml
-rw-r--r--  1 cmsmcq  staff     57189 Jul 12 12:52 r02_target.xml
[cmsmcq@Salerno brown (0)]$ cd ../../outside-in/
[cmsmcq@Salerno outside-in (0)]$ for dir in brown; do for i in ../input/$dir/r02.?.xml ; do for o in ${i##*/}; do echo; echo "****************************************************************"; echo xsltproc outside-in/raise_xslt1.0 $i $o; date; echo; time xsltproc --stringparam debug no -o output/$dir/raised.${o%.xml}_1.0_xsltproc.xml raise_xslt10.xsl $i; echo; done; done; done

****************************************************************
xsltproc outside-in/raise_xslt1.0 ../input/brown/r02.a.xml r02.a.xml
Tue Jul 17 08:24:58 MDT 2018

  ^C ^C
real	1m46.700s
user	1m46.427s
sys	0m0.152s

[cmsmcq@Salerno outside-in (1)]$ cd ../input/brown/
[cmsmcq@Salerno brown (0)]$ ls -l
total 141752
-rw-r--r--  1 cmsmcq  staff       133 Jul 10 11:21 Corpus_flattened.xml
-rw-r--r--  1 cmsmcq  staff  28300272 Jul 12 12:52 Corpus_target.xml
-rw-r--r--  1 cmsmcq  staff  43840219 Jul 12 15:17 Corpus_target_wrapped.xml
-rw-r--r--  1 cmsmcq  staff      3761 Jul  9 13:54 README.md
drwxr-xr-x  7 cmsmcq  staff       238 Jul 17 08:20 aux
-rw-r--r--  1 cmsmcq  staff     31598 Jul 17 08:23 r02.a.xml
-rw-r--r--  1 cmsmcq  staff     73785 Jul 17 08:23 r02.b.xml
-rw-r--r--  1 cmsmcq  staff    105408 Jul 17 08:23 r02.c.xml
-rw-r--r--  1 cmsmcq  staff    145459 Jul  9 13:54 r02_flattened.xml
-rw-r--r--  1 cmsmcq  staff     57189 Jul 12 12:52 r02_target.xml
[cmsmcq@Salerno brown (0)]$ ls r02.?.xml
r02.a.xml	r02.b.xml	r02.c.xml
[cmsmcq@Salerno brown (0)]$ rm r02.?.xml
[cmsmcq@Salerno brown (0)]$ cd aux
[cmsmcq@Salerno aux (0)]$ ls -l
total 304
-rw-r--r--  1 cmsmcq  staff    133 Jul 12 12:52 Corpus.xml
-rw-r--r--  1 cmsmcq  staff  12916 Jul 17 08:15 r02.a.xml
-rw-r--r--  1 cmsmcq  staff  29413 Jul 17 08:19 r02.b.xml
-rw-r--r--  1 cmsmcq  staff  41681 Jul 17 08:20 r02.c.xml
-rw-r--r--  1 cmsmcq  staff  57155 Jul 12 12:52 r02.xml
[cmsmcq@Salerno aux (0)]$ mv r02.c.xml r02.1477.xml
[cmsmcq@Salerno aux (0)]$ mv r02.b.xml r02.1041.xml
[cmsmcq@Salerno aux (0)]$ mv r02.a.xml r02.0441.xml
[cmsmcq@Salerno aux (0)]$ for x in a b c d e ; do cp r02.0441.xml r02.${x}.xml; done
[cmsmcq@Salerno aux (0)]$ mv r02.a.xml r02.0052.xml
[cmsmcq@Salerno aux (0)]$ mv r02.b.xml r02.0125.xml
[cmsmcq@Salerno aux (0)]$ mv r02.c.xml r02.0225.xml
[cmsmcq@Salerno aux (0)]$ mv r02.d.xml r02.0329.xml
[cmsmcq@Salerno aux (0)]$ mv r02.e.xml r02.0368.xml
[cmsmcq@Salerno aux (0)]$ ls 
Corpus.xml	r02.0125.xml	r02.0329.xml	r02.0441.xml	r02.1477.xml
r02.0052.xml	r02.0225.xml	r02.0368.xml	r02.1041.xml	r02.xml
[cmsmcq@Salerno aux (0)]$ ls -l
total 392
-rw-r--r--  1 cmsmcq  staff    133 Jul 12 12:52 Corpus.xml
-rw-r--r--  1 cmsmcq  staff   2432 Jul 17 08:33 r02.0052.xml
-rw-r--r--  1 cmsmcq  staff   4416 Jul 17 08:33 r02.0125.xml
-rw-r--r--  1 cmsmcq  staff   7188 Jul 17 08:34 r02.0225.xml
-rw-r--r--  1 cmsmcq  staff   9871 Jul 17 08:35 r02.0329.xml
-rw-r--r--  1 cmsmcq  staff  10880 Jul 17 08:30 r02.0368.xml
-rw-r--r--  1 cmsmcq  staff  12916 Jul 17 08:15 r02.0441.xml
-rw-r--r--  1 cmsmcq  staff  29413 Jul 17 08:19 r02.1041.xml
-rw-r--r--  1 cmsmcq  staff  41681 Jul 17 08:20 r02.1477.xml
-rw-r--r--  1 cmsmcq  staff  57155 Jul 12 12:52 r02.xml
[cmsmcq@Salerno aux (0)]$ cd ..
[cmsmcq@Salerno brown (0)]$ for f in aux/r02.????.xml; do ~/bin/saxon-he-wrapper.sh $f ../../lib/flatten.xsl ${f#aux/}; done
[cmsmcq@Salerno brown (0)]$ ls -l
total 141936
-rw-r--r--   1 cmsmcq  staff       133 Jul 10 11:21 Corpus_flattened.xml
-rw-r--r--   1 cmsmcq  staff  28300272 Jul 12 12:52 Corpus_target.xml
-rw-r--r--   1 cmsmcq  staff  43840219 Jul 12 15:17 Corpus_target_wrapped.xml
-rw-r--r--   1 cmsmcq  staff      3761 Jul  9 13:54 README.md
drwxr-xr-x  12 cmsmcq  staff       408 Jul 17 08:36 aux
-rw-r--r--   1 cmsmcq  staff      5125 Jul 17 08:37 r02.0052.xml
-rw-r--r--   1 cmsmcq  staff     10079 Jul 17 08:37 r02.0125.xml
-rw-r--r--   1 cmsmcq  staff     16910 Jul 17 08:37 r02.0225.xml
-rw-r--r--   1 cmsmcq  staff     23688 Jul 17 08:37 r02.0329.xml
-rw-r--r--   1 cmsmcq  staff     26307 Jul 17 08:37 r02.0368.xml
-rw-r--r--   1 cmsmcq  staff     31598 Jul 17 08:37 r02.0441.xml
-rw-r--r--   1 cmsmcq  staff     73785 Jul 17 08:37 r02.1041.xml
-rw-r--r--   1 cmsmcq  staff    105408 Jul 17 08:37 r02.1477.xml
-rw-r--r--   1 cmsmcq  staff    145459 Jul  9 13:54 r02_flattened.xml
-rw-r--r--   1 cmsmcq  staff     57189 Jul 12 12:52 r02_target.xml
[cmsmcq@Salerno brown (0)]$ cd ../../outside-in/
[cmsmcq@Salerno outside-in (0)]$ for dir in brown; do for i in ../input/$dir/r02.????.xml ; do for o in ${i##*/}; do echo; echo "****************************************************************"; echo xsltproc outside-in/raise_xslt1.0 $i $o; date; echo; time xsltproc --stringparam debug no -o output/$dir/raised.${o%.xml}_1.0_xsltproc.xml raise_xslt10.xsl $i; echo; done; done; done

****************************************************************
xsltproc outside-in/raise_xslt1.0 ../input/brown/r02.0052.xml r02.0052.xml
Tue Jul 17 08:38:26 MDT 2018


real	0m3.724s
user	0m3.587s
sys	0m0.009s


****************************************************************
xsltproc outside-in/raise_xslt1.0 ../input/brown/r02.0125.xml r02.0125.xml
Tue Jul 17 08:38:30 MDT 2018


real	0m17.876s
user	0m17.822s
sys	0m0.027s


****************************************************************
xsltproc outside-in/raise_xslt1.0 ../input/brown/r02.0225.xml r02.0225.xml
Tue Jul 17 08:38:47 MDT 2018


real	1m1.349s
user	1m1.229s
sys	0m0.086s


****************************************************************
xsltproc outside-in/raise_xslt1.0 ../input/brown/r02.0329.xml r02.0329.xml
Tue Jul 17 08:39:49 MDT 2018


real	2m11.580s
user	2m10.906s
sys	0m0.337s


****************************************************************
xsltproc outside-in/raise_xslt1.0 ../input/brown/r02.0368.xml r02.0368.xml
Tue Jul 17 08:42:00 MDT 2018


real	2m37.600s
user	2m36.721s
sys	0m0.284s


****************************************************************
xsltproc outside-in/raise_xslt1.0 ../input/brown/r02.0441.xml r02.0441.xml
Tue Jul 17 08:44:38 MDT 2018


real	3m44.253s
user	3m43.513s
sys	0m0.391s


****************************************************************
xsltproc outside-in/raise_xslt1.0 ../input/brown/r02.1041.xml r02.1041.xml
Tue Jul 17 08:48:23 MDT 2018


real	23m31.203s
user	23m28.127s
sys	0m1.911s


****************************************************************
xsltproc outside-in/raise_xslt1.0 ../input/brown/r02.1477.xml r02.1477.xml
Tue Jul 17 09:11:54 MDT 2018


real	48m48.680s
user	48m43.475s
sys	0m2.693s

[cmsmcq@Salerno outside-in (0)]$ java -jar /opt/local/Saxon-6-5-5/saxon.jar -?
Unknown option -?
SAXON 6.5.5 from Michael Kay
Usage:  java com.icl.saxon.StyleSheet [options] source-doc style-doc {param=value}...
Options: 
  -a              Use xml-stylesheet PI, not style-doc argument 
  -ds             Use standard tree data structure 
  -dt             Use tinytree data structure (default)
  -o filename     Send output to named file or directory 
  -m classname    Use specified Emitter class for xsl:message output 
  -r classname    Use specified URIResolver class 
  -t              Display version and timing information 
  -T              Set standard TraceListener
  -TL classname   Set a specific TraceListener
  -u              Names are URLs not filenames 
  -w0             Recover silently from recoverable errors 
  -w1             Report recoverable errors and continue (default)
  -w2             Treat recoverable errors as fatal
  -x classname    Use specified SAX parser for source file 
  -y classname    Use specified SAX parser for stylesheet 
  -?              Display this message 
[cmsmcq@Salerno outside-in (2)]$ java -jar /opt/local/Saxon-6-5-5/saxon.jar -t -o output/brown/raised.r02.0052_1.0.saxon655.xml ../input/brown/r02.0052.xml raise_xslt10.xsl 
SAXON 6.5.5 from Michael Kay
Java version 1.8.0_65
Error at xsl:param on line 23 of file:/Users/cmsmcq/2018/talks/Balisage-late-breaking/raising/outside-in/raise_xslt10.xsl:
  Attribute static is not allowed on this element
Error at xsl:param on line 23 of file:/Users/cmsmcq/2018/talks/Balisage-late-breaking/raising/outside-in/raise_xslt10.xsl:
  Attribute required is not allowed on this element
Error at xsl:param on line 61 of file:/Users/cmsmcq/2018/talks/Balisage-late-breaking/raising/outside-in/raise_xslt10.xsl:
  Attribute required is not allowed on this element
Transformation failed: Failed to compile stylesheet. 3 errors detected.
[cmsmcq@Salerno outside-in (2)]$ java -jar /opt/local/Saxon-6-5-5/saxon.jar -t -o output/brown/raised.r02.0052_1.0.saxon655.xml ../input/brown/r02.0052.xml raise_xslt10.xsl 
SAXON 6.5.5 from Michael Kay
Java version 1.8.0_65
Preparation time: 143 milliseconds
Processing file:/Users/cmsmcq/2018/talks/Balisage-late-breaking/raising/outside-in/../input/brown/r02.0052.xml
Building tree for file:/Users/cmsmcq/2018/talks/Balisage-late-breaking/raising/outside-in/../input/brown/r02.0052.xml using class com.icl.saxon.tinytree.TinyBuilder
Tree built in 33 milliseconds
Loading java.net.URI
Execution time: 668 milliseconds
[cmsmcq@Salerno outside-in (0)]$ time java -jar /opt/local/Saxon-6-5-5/saxon.jar -t -o output/brown/raised.r02.0052_1.0.saxon655.xml ../input/brown/r02.0052.xml raise_xslt10.xsl 
SAXON 6.5.5 from Michael Kay
Java version 1.8.0_65
Preparation time: 105 milliseconds
Processing file:/Users/cmsmcq/2018/talks/Balisage-late-breaking/raising/outside-in/../input/brown/r02.0052.xml
Building tree for file:/Users/cmsmcq/2018/talks/Balisage-late-breaking/raising/outside-in/../input/brown/r02.0052.xml using class com.icl.saxon.tinytree.TinyBuilder
Tree built in 11 milliseconds
Loading java.net.URI
Execution time: 529 milliseconds

real	0m0.807s
user	0m1.349s
sys	0m0.180s
[cmsmcq@Salerno outside-in (0)]$ time xsltproc --timing -o tmp.raised.r02.0052_1.0.xsltproc.xml ../input/brown/r02.0052.xml raise_xslt10.xsl 
Parsing stylesheet ../input/brown/r02.0052.xml took 0 ms
compilation error: file ../input/brown/r02.0052.xml line 1 element TEI
xsltParseStylesheetProcess : document is not a stylesheet

real	0m0.061s
user	0m0.002s
sys	0m0.003s
[cmsmcq@Salerno outside-in (5)]$ time xsltproc --timing -o tmp.raised.r02.0052_1.0.xsltproc.xml raise_xslt10.xsl ../input/brown/r02.0052.xml 
Parsing stylesheet raise_xslt10.xsl took 0 ms
Parsing document ../input/brown/r02.0052.xml took 0 ms
Running stylesheet and saving result took 3673 ms

real	0m3.678s
user	0m3.294s
sys	0m0.006s
[cmsmcq@Salerno outside-in (0)]$ time ~/bin/saxon-he-wrapper.sh ../input/brown/r02.0052.xml raise_xslt10.xsl output/brown/raised.r02.0052_1.0.saxon98he.xml -t
Saxon-HE 9.8.0.12J from Saxonica
Java version 1.8.0_65
Stylesheet compilation time: 786.191114ms
Processing file:/Users/cmsmcq/2018/talks/Balisage-late-breaking/raising/outside-in/../input/brown/r02.0052.xml
Using parser com.sun.org.apache.xerces.internal.jaxp.SAXParserImpl$JAXPSAXParser
Building tree for file:/Users/cmsmcq/2018/talks/Balisage-late-breaking/raising/outside-in/../input/brown/r02.0052.xml using class net.sf.saxon.tree.tiny.TinyBuilder
Tree built in 10.028675ms
Tree size: 342 nodes, 716 characters, 226 attributes
Execution time: 276.890537ms
Memory used: 27,601,976

real	0m2.103s
user	0m2.559s
sys	0m0.169s
[cmsmcq@Salerno outside-in (0)]$ which trang
/Users/cmsmcq/bin/trang
[cmsmcq@Salerno outside-in (0)]$ cd ../testing/
[cmsmcq@Salerno testing (0)]$ trang -?
fatal: invalid option "-?"
[cmsmcq@Salerno testing (2)]$ trang testdata.dtd testdata.rng
Exception in thread "main" java.lang.NullPointerException
	at com.thaiopensource.xml.em.ResolverUriEntityManager.open(ResolverUriEntityManager.java:56)
	at com.thaiopensource.xml.em.ResolverUriEntityManager.open(ResolverUriEntityManager.java:27)
	at com.thaiopensource.xml.dtd.parse.DtdParserImpl.parse(DtdParserImpl.java:14)
	at com.thaiopensource.relaxng.input.dtd.DtdInputFormat.load(DtdInputFormat.java:144)
	at com.thaiopensource.relaxng.translate.Driver.run(Driver.java:135)
	at com.thaiopensource.relaxng.translate.Driver.main(Driver.java:44)
[cmsmcq@Salerno testing (1)]$ trang --help
fatal: invalid option "--"
[cmsmcq@Salerno testing (2)]$ ls 
README.md	input.xml	methods.xml	processors.xml	profile.all.xml	testdata.dtd
[cmsmcq@Salerno testing (0)]$ java -jar /Applications/Oxygen-17.1/oxygen/lib/trang.jar -?
fatal: invalid option "-?"
[cmsmcq@Salerno testing (2)]$ java -jar /Applications/Oxygen-17.1/oxygen/lib/trang.jar testdata.dtd testdata.rng
Exception in thread "main" java.lang.NullPointerException
	at com.thaiopensource.xml.em.ResolverUriEntityManager.open(ResolverUriEntityManager.java:56)
	at com.thaiopensource.xml.em.ResolverUriEntityManager.open(ResolverUriEntityManager.java:27)
	at com.thaiopensource.xml.dtd.parse.DtdParserImpl.parse(DtdParserImpl.java:14)
	at com.thaiopensource.relaxng.input.dtd.DtdInputFormat.load(DtdInputFormat.java:144)
	at com.thaiopensource.relaxng.translate.Driver.run(Driver.java:135)
	at com.thaiopensource.relaxng.translate.Driver.main(Driver.java:44)
[cmsmcq@Salerno testing (1)]$ java -jar /Applications/Oxygen-17.1/oxygen/lib/trang.jar -I dtd -O rng testdata.dtd testdata.rng
Exception in thread "main" java.lang.NullPointerException
	at com.thaiopensource.xml.em.ResolverUriEntityManager.open(ResolverUriEntityManager.java:56)
	at com.thaiopensource.xml.em.ResolverUriEntityManager.open(ResolverUriEntityManager.java:27)
	at com.thaiopensource.xml.dtd.parse.DtdParserImpl.parse(DtdParserImpl.java:14)
	at com.thaiopensource.relaxng.input.dtd.DtdInputFormat.load(DtdInputFormat.java:144)
	at com.thaiopensource.relaxng.translate.Driver.run(Driver.java:135)
	at com.thaiopensource.relaxng.translate.Driver.main(Driver.java:44)
[cmsmcq@Salerno testing (1)]$ java -jar /Applications/Oxygen-20.1\ XML\ Editor/lib/trang.jar -?
fatal: invalid option "-?"
[cmsmcq@Salerno testing (2)]$ java -jar /Applications/Oxygen-17.1/oxygen/lib/trang.jar -I dtd -O rng testdata.dtd testdata.rng
Exception in thread "main" java.lang.NullPointerException
	at com.thaiopensource.xml.em.ResolverUriEntityManager.open(ResolverUriEntityManager.java:56)
	at com.thaiopensource.xml.em.ResolverUriEntityManager.open(ResolverUriEntityManager.java:27)
	at com.thaiopensource.xml.dtd.parse.DtdParserImpl.parse(DtdParserImpl.java:14)
	at com.thaiopensource.relaxng.input.dtd.DtdInputFormat.load(DtdInputFormat.java:144)
	at com.thaiopensource.relaxng.translate.Driver.run(Driver.java:135)
	at com.thaiopensource.relaxng.translate.Driver.main(Driver.java:44)
[cmsmcq@Salerno testing (1)]$ env
MANPATH=/sw/share/man::/usr/local/texlive/2007/texmf/doc/man:/sw/lib/perl5/5.18.2/man
XDG_DATA_HOME=/Users/cmsmcq/.local/share
SHELL=/bin/bash
TERM=dumb
HGENCODING=UTF-8
TMPDIR=/var/folders/5z/ryvf7js112z0vv8yvnjcsv740000gr/T/
PERL5LIB=/Users/cmsmcq/perl5/lib/perl5:/sw/lib/perl5:/sw/lib/perl5/darwin
Apple_PubSub_Socket_Render=/private/tmp/com.apple.launchd.azj79MCSl3/Render
perl=/usr/bin/perl
OLDPWD=/Users/cmsmcq/2018/talks/Balisage-late-breaking/raising/outside-in
PERL_MB_OPT=--install_base "/Users/cmsmcq/perl5"
USER=cmsmcq
COMMAND_MODE=unix2003
SSH_AUTH_SOCK=/private/tmp/com.apple.launchd.r2YY9QnJ9m/Listeners
TERMCAP=
__CF_USER_TEXT_ENCODING=0x1F8:0x0:0x0
COLUMNS=112
XDG_CONFIG_DIRS=/sw/etc/xdg
PATH=/Users/cmsmcq/perl5/bin:/sw/bin:/sw/sbin:/Users/cmsmcq/bin:/Library/Frameworks/Python.framework/Versions/3.5/bin:/usr/bin:/bin:/usr/sbin:/sbin:/usr/local/bin:/opt/X11/bin:/Library/Frameworks/Mono.framework/Versions/Current/Commands:/Applications/Postgres.app/Contents/Versions/latest/bin:/Library/TeX/texbin:/usr/bin:/bin:/usr/sbin:/sbin:/usr/texbin:/Library/TeX/texbin:/usr/local/texlive/2015/bin:/opt/local/bin:/usr/local/bin:/usr/local/mysql/bin:/opt/local/src/treetagger/cmd:/opt/local/src/treetagger/bin
HG=/sw/bin/hg
XML_CATALOG_FILES=/Library/SGML/Public/catalog.xml
PWD=/Users/cmsmcq/2018/talks/Balisage-late-breaking/raising/testing
EDITOR=emacsclient
LANG=en_US.UTF-8
XPC_FLAGS=0x0
PS1=[\u@\h \W ($?)]$ 
XPC_SERVICE_NAME=0
HOME=/Users/cmsmcq
SHLVL=2
XDG_CONFIG_HOME=/Users/cmsmcq/.config
QIZX_HOME=/opt/local/share/qizx-fe-2.0
PERL_LOCAL_LIB_ROOT=/Users/cmsmcq/perl5
XDG_CACHE_HOME=/Users/cmsmcq/.cache
LOGNAME=cmsmcq
XDG_DATA_DIRS=/sw/share
CLASSPATH=/opt/local/src/Ontopia/ontopia-read-only/ontopia/build/dists/ontopia-5.0.2/lib/ontopia.jar
INFOPATH=/sw/share/info:/sw/info::/usr/local/texlive/2007/texmf/doc/info
XDG_RUNTIME_DIR=/var/folders/5z/ryvf7js112z0vv8yvnjcsv740000gr/C/
DISPLAY=/private/tmp/com.apple.launchd.8awlddp1XJ/org.macosforge.xquartz:0
INSIDE_EMACS=25.1.1,comint
SECURITYSESSIONID=186a8
PERL_MM_OPT=INSTALL_BASE=/Users/cmsmcq/perl5
_=/usr/bin/env
[cmsmcq@Salerno testing (0)]$ CLASSPATH=/Applications/Oxygen-20.1\ XML\ Editor/lib
[cmsmcq@Salerno testing (0)]$ env
MANPATH=/sw/share/man::/usr/local/texlive/2007/texmf/doc/man:/sw/lib/perl5/5.18.2/man
XDG_DATA_HOME=/Users/cmsmcq/.local/share
SHELL=/bin/bash
TERM=dumb
HGENCODING=UTF-8
TMPDIR=/var/folders/5z/ryvf7js112z0vv8yvnjcsv740000gr/T/
PERL5LIB=/Users/cmsmcq/perl5/lib/perl5:/sw/lib/perl5:/sw/lib/perl5/darwin
Apple_PubSub_Socket_Render=/private/tmp/com.apple.launchd.azj79MCSl3/Render
perl=/usr/bin/perl
OLDPWD=/Users/cmsmcq/2018/talks/Balisage-late-breaking/raising/outside-in
PERL_MB_OPT=--install_base "/Users/cmsmcq/perl5"
USER=cmsmcq
COMMAND_MODE=unix2003
SSH_AUTH_SOCK=/private/tmp/com.apple.launchd.r2YY9QnJ9m/Listeners
TERMCAP=
__CF_USER_TEXT_ENCODING=0x1F8:0x0:0x0
COLUMNS=112
XDG_CONFIG_DIRS=/sw/etc/xdg
PATH=/Users/cmsmcq/perl5/bin:/sw/bin:/sw/sbin:/Users/cmsmcq/bin:/Library/Frameworks/Python.framework/Versions/3.5/bin:/usr/bin:/bin:/usr/sbin:/sbin:/usr/local/bin:/opt/X11/bin:/Library/Frameworks/Mono.framework/Versions/Current/Commands:/Applications/Postgres.app/Contents/Versions/latest/bin:/Library/TeX/texbin:/usr/bin:/bin:/usr/sbin:/sbin:/usr/texbin:/Library/TeX/texbin:/usr/local/texlive/2015/bin:/opt/local/bin:/usr/local/bin:/usr/local/mysql/bin:/opt/local/src/treetagger/cmd:/opt/local/src/treetagger/bin
HG=/sw/bin/hg
XML_CATALOG_FILES=/Library/SGML/Public/catalog.xml
PWD=/Users/cmsmcq/2018/talks/Balisage-late-breaking/raising/testing
EDITOR=emacsclient
LANG=en_US.UTF-8
XPC_FLAGS=0x0
PS1=[\u@\h \W ($?)]$ 
XPC_SERVICE_NAME=0
HOME=/Users/cmsmcq
SHLVL=2
XDG_CONFIG_HOME=/Users/cmsmcq/.config
QIZX_HOME=/opt/local/share/qizx-fe-2.0
PERL_LOCAL_LIB_ROOT=/Users/cmsmcq/perl5
XDG_CACHE_HOME=/Users/cmsmcq/.cache
LOGNAME=cmsmcq
XDG_DATA_DIRS=/sw/share
CLASSPATH=/Applications/Oxygen-20.1 XML Editor/lib
INFOPATH=/sw/share/info:/sw/info::/usr/local/texlive/2007/texmf/doc/info
XDG_RUNTIME_DIR=/var/folders/5z/ryvf7js112z0vv8yvnjcsv740000gr/C/
DISPLAY=/private/tmp/com.apple.launchd.8awlddp1XJ/org.macosforge.xquartz:0
INSIDE_EMACS=25.1.1,comint
SECURITYSESSIONID=186a8
PERL_MM_OPT=INSTALL_BASE=/Users/cmsmcq/perl5
_=/usr/bin/env
[cmsmcq@Salerno testing (0)]$ java -jar /Applications/Oxygen-20.1\ XML\ Editor/lib/trang.jar testdata.dtd testdata.rng
Exception in thread "main" java.lang.NullPointerException
	at com.thaiopensource.xml.em.ResolverUriEntityManager.open(ResolverUriEntityManager.java:56)
	at com.thaiopensource.xml.em.ResolverUriEntityManager.open(ResolverUriEntityManager.java:27)
	at com.thaiopensource.xml.dtd.parse.DtdParserImpl.parse(DtdParserImpl.java:14)
	at com.thaiopensource.relaxng.input.dtd.DtdInputFormat.load(DtdInputFormat.java:144)
	at com.thaiopensource.relaxng.translate.Driver.run(Driver.java:135)
	at com.thaiopensource.relaxng.translate.Driver.main(Driver.java:44)
[cmsmcq@Salerno testing (1)]$ java -jar /Applications/Oxygen-20.1\ XML\ Editor/lib/trang.jar file://localhost/Users/cmsmcq/2018/talks/Balisage-late-breaking/raising/testing/testdata.dtd testdata.rng
Exception in thread "main" java.lang.NullPointerException
	at com.thaiopensource.xml.em.ResolverUriEntityManager.open(ResolverUriEntityManager.java:56)
	at com.thaiopensource.xml.em.ResolverUriEntityManager.open(ResolverUriEntityManager.java:27)
	at com.thaiopensource.xml.dtd.parse.DtdParserImpl.parse(DtdParserImpl.java:14)
	at com.thaiopensource.relaxng.input.dtd.DtdInputFormat.load(DtdInputFormat.java:144)
	at com.thaiopensource.relaxng.translate.Driver.run(Driver.java:135)
	at com.thaiopensource.relaxng.translate.Driver.main(Driver.java:44)
[cmsmcq@Salerno testing (1)]$ java -jar /Applications/Oxygen-20.1\ XML\ Editor/lib/trang.jar file://localhost/Users/cmsmcq/2018/talks/Balisage-late-breaking/raising/testing/testdata.dtd file://localhost/Users/cmsmcq/2018/talks/Balisage-late-breaking/raising/testing/testdata.rng
Exception in thread "main" java.lang.NullPointerException
	at com.thaiopensource.xml.em.ResolverUriEntityManager.open(ResolverUriEntityManager.java:56)
	at com.thaiopensource.xml.em.ResolverUriEntityManager.open(ResolverUriEntityManager.java:27)
	at com.thaiopensource.xml.dtd.parse.DtdParserImpl.parse(DtdParserImpl.java:14)
	at com.thaiopensource.relaxng.input.dtd.DtdInputFormat.load(DtdInputFormat.java:144)
	at com.thaiopensource.relaxng.translate.Driver.run(Driver.java:135)
	at com.thaiopensource.relaxng.translate.Driver.main(Driver.java:44)
[cmsmcq@Salerno testing (1)]$ find .. -name "release*sh"
[cmsmcq@Salerno testing (0)]$ find .. -name "raise*sh"
../accumulators/raise_he.sh
../inside-out/raise_xslt10_xsltproc.sh
../right-sibling/raise_he_1.0.sh
../right-sibling/raise_he_3.0.sh
../right-sibling/raise_xsltproc.sh
[cmsmcq@Salerno testing (0)]$ ~/bin/saxon-he-wrapper.sh -?
Usage:  saxon-he-wrapper.sh INPUT XSLT OUTPUT
[cmsmcq@Salerno testing (0)]$ java -jar /opt/local/bin/saxon-he/saxon9he.jar -?
Saxon-HE 9.8.0.12J from Saxonica
Usage: see http://www.saxonica.com/documentation/index.html#!using-xsl/commandline
Format: net.sf.saxon.Transform options params
Options available: -? -a -catalog -config -cr -diag -dtd -ea -expand -explain -export -ext -im -init -it -jit -l -lib -license -m -nogo -now -o -opt -or -outval -p -quit -r -relocate -repeat -s -sa -scmin -strip -t -T -target -TB -threads -TJ -Tlevel -Tout -TP -traceout -tree -u -val -versionmsg -warnings -x -xi -xmlversion -xsd -xsdversion -xsiloc -xsl -y
Use -XYZ:? for details of option XYZ
Params: 
  param=value           Set stylesheet string parameter
  +param=filename       Set stylesheet document parameter
  ?param=expression     Set stylesheet parameter using XPath
  !param=value          Set serialization parameter
[cmsmcq@Salerno testing (0)]$ java -jar /opt/local/bin/saxon-he/saxon9he.jar -l:?
Help for -l option
Value: on|off
Meaning: Maintain line numbers for source documents
No processing requested
[cmsmcq@Salerno testing (2)]$ java -jar /opt/local/bin/saxon-he/saxon9he.jar -t:?
Help for -t option
Value: on|off
Meaning: Display version and timing information, and names of output files
No processing requested
[cmsmcq@Salerno testing (2)]$ java -jar /opt/local/bin/saxon-he/saxon9he.jar -l:?
Help for -l option
Value: on|off
Meaning: Maintain line numbers for source documents
No processing requested
[cmsmcq@Salerno testing (2)]$ for o in a catalog config cr diag dtd; do java -jar /opt/local/bin/saxon-he/saxon9he.jar -${o}:?; done
Help for -a option
Value: on|off
Meaning: Use <?xml-stylesheet?> processing instruction to identify stylesheet
No processing requested
Help for -catalog option
Value: file name
Meaning: Use specified catalog file to resolve URIs
No processing requested
Help for -config option
Value: file name
Meaning: Use specified configuration file
No processing requested
Help for -cr option
Value: Java fully-qualified class name
Meaning: Use specified collection URI resolver class
No processing requested
Help for -diag option
Value: file name
Meaning: Display runtime diagnostics
No processing requested
Help for -dtd option
Value: one of recover|off|on
Meaning: Validate using DTD
No processing requested
[cmsmcq@Salerno testing (2)]$ for o in a ea expand explain export; do java -jar /opt/local/bin/saxon-he/saxon9he.jar -${o}:?; done
Help for -a option
Value: on|off
Meaning: Use <?xml-stylesheet?> processing instruction to identify stylesheet
No processing requested
Help for -ea option
Value: on|off
Meaning: Enable assertions
No processing requested
Help for -expand option
Value: on|off
Meaning: Expand attribute defaults from DTD or Schema
No processing requested
Help for -explain option
Value: file name
Meaning: Display compiled expression tree and optimization decisions in human-readable form
No processing requested
Help for -export option
Value: file name
Meaning: Display compiled expression tree and optimization decisions for exportation
No processing requested
[cmsmcq@Salerno testing (2)]$ for o in ext im init it jit l lib license m nogo now o opt or outval; do java -jar /opt/local/bin/saxon-he/saxon9he.jar -${o}:?; done
Help for -ext option
Value: on|off
Meaning: Allow calls to Java extension functions and xsl:result-document
No processing requested
Help for -im option
Value: QName in Clark notation ({uri}local)
Meaning: Name of initial mode
No processing requested
Help for -init option
Value: Java fully-qualified class name
Meaning: User-supplied net.sf.saxon.lib.Initializer class to initialize the Saxon Configuration
No processing requested
Help for -it option
Value: QName in Clark notation ({uri}local)
Meaning: Name of initial template
No processing requested
Help for -jit option
Value: on|off
Meaning: Just-in-time compilation
No processing requested
Help for -l option
Value: on|off
Meaning: Maintain line numbers for source documents
No processing requested
Help for -lib option
Value: list of file names, semicolon-separated
Meaning: List of file names of library packages used by the stylesheet
No processing requested
Help for -license option
Value: on|off
Meaning: Check for local license file
No processing requested
Help for -m option
Value: Java fully-qualified class name
Meaning: Use named class to handle xsl:message output
No processing requested
Help for -nogo option
Value: on|off
Meaning: Compile only, no evaluation
No processing requested
Help for -now option
Meaning: Run with specified current date/time
No processing requested
Help for -o option
Value: file name
Meaning: Use specified file for primary output
No processing requested
Help for -opt option
Value: string
Meaning: Enable/disable optimization options [-]cfgklmsvwx
No processing requested
Help for -or option
Value: Java fully-qualified class name
Meaning: Use named OutputURIResolver class
No processing requested
Help for -outval option
Value: one of recover|fatal
Meaning: Action when validation of output file fails
No processing requested
[cmsmcq@Salerno testing (2)]$ for o in p quit r relocate repeat s sa scmin strip t T target TB threads TJ Tlevel Tout TP traceout tree u; do java -jar /opt/local/bin/saxon-he/saxon9he.jar -${o}:?; done
Help for -p option
Value: on|off
Meaning: Recognize query parameters in URI passed to doc()
No processing requested
Help for -quit option
Value: on|off
Meaning: Quit JVM if transformation fails
No processing requested
Help for -r option
Value: Java fully-qualified class name
Meaning: Use named URIResolver class
No processing requested
Help for -relocate option
Value: on|off
Meaning: Produce relocatable packages
No processing requested
Help for -repeat option
Value: integer
Meaning: Run N times for performance measurement
No processing requested
Help for -s option
Value: file name
Meaning: Source file for primary input
No processing requested
Help for -sa option
Value: on|off
Meaning: Run in schema-aware mode
No processing requested
Help for -scmin option
Value: file name
Meaning: Pre-load schema in SCM format
No processing requested
Help for -strip option
Value: one of all|none|ignorable
Meaning: Handling of whitespace text nodes in source documents
No processing requested
Help for -t option
Value: on|off
Meaning: Display version and timing information, and names of output files
No processing requested
Help for -T option
Value: Java fully-qualified class name
Meaning: Use named TraceListener class, or standard TraceListener
No processing requested
Help for -target option
Value: one of EE|PE|JS2|JS|HE
Meaning: Target Saxon edition for execution via -export
No processing requested
Help for -TB option
Value: file name
Meaning: Trace hotspot bytecode generation to specified XML file
No processing requested
Help for -threads option
Value: integer
Meaning: Run stylesheet on directory of files divided in N threads
No processing requested
Help for -TJ option
Value: on|off
Meaning: Debug binding and execution of extension functions
No processing requested
Help for -Tlevel option
Value: string
Meaning: Level of detail for trace listener output
No processing requested
Help for -Tout option
Value: file name
Meaning: File for trace listener output
No processing requested
Help for -TP option
Value: file name
Meaning: Use profiling trace listener, with specified output file
No processing requested
Help for -traceout option
Value: file name
Meaning: File for output of trace() and -T output
No processing requested
Help for -tree option
Value: one of tiny|tinyc|linked
Meaning: Use specified tree model for source documents
No processing requested
Help for -u option
Value: on|off
Meaning: Interpret filename arguments as URIs
No processing requested
[cmsmcq@Salerno testing (2)]$ for o in val versionmsg warnings x xi smlversion xsd xsdversion xsiloc xsl y; do java -jar /opt/local/bin/saxon-he/saxon9he.jar -${o}:?; done
Help for -val option
Value: one of lax|strict
Meaning: Apply validation to source documents
No processing requested
Help for -versionmsg option
Value: on|off
Meaning: No longer used
No processing requested
Help for -warnings option
Value: one of silent|recover|fatal
Meaning: Handling of recoverable dynamic errors
No processing requested
Help for -x option
Value: Java fully-qualified class name
Meaning: Use named XMLReader class for parsing source documents
No processing requested
Help for -xi option
Value: on|off
Meaning: Expand XInclude directives in source documents
No processing requested
Command line option -smlversion is not recognized. Options available:  -? -a -catalog -config -cr -diag -dtd -ea -expand -explain -export -ext -im -init -it -jit -l -lib -license -m -nogo -now -o -opt -or -outval -p -quit -r -relocate -repeat -s -sa -scmin -strip -t -T -target -TB -threads -TJ -Tlevel -Tout -TP -traceout -tree -u -val -versionmsg -warnings -x -xi -xmlversion -xsd -xsdversion -xsiloc -xsl -y
Help for -xsd option
Value: list of file names, semicolon-separated
Meaning: List of schema documents to be preloaded
No processing requested
Help for -xsdversion option
Value: one of 1.0|1.1
Meaning: Indicate whether XSD 1.1 is supported
No processing requested
Help for -xsiloc option
Value: on|off
Meaning: Load schemas named in xsi:schemaLocation (default on)
No processing requested
Help for -xsl option
Value: file name
Meaning: Main stylesheet file
No processing requested
Help for -y option
Value: Java fully-qualified class name
Meaning: Use named XMLReader class for parsing stylesheet and schema documents
No processing requested
[cmsmcq@Salerno testing (2)]$ for o in xmlversion; do java -jar /opt/local/bin/saxon-he/saxon9he.jar -${o}:?; done
Help for -xmlversion option
Value: one of 1.0|1.1
Meaning: Indicate whether XML 1.1 is supported
No processing requested
[cmsmcq@Salerno testing (2)]$ rxp.sh testfile.xml 
RXP 1.5.0 Copyright Richard Tobin, LTG, HCRC, University of Edinburgh
Input encoding UTF-8, output encoding UTF-8
Error: -- in comment
 in unnamed entity at line 26 char 42 of file:///Users/cmsmcq/2018/talks/Balisage-late-breaking/raising/testing/testdata.dtd
[cmsmcq@Salerno testing (1)]$ rxp.sh testfile.xml 
RXP 1.5.0 Copyright Richard Tobin, LTG, HCRC, University of Edinburgh
Input encoding UTF-8, output encoding UTF-8
Error: Malformed mixed content declaration
 in unnamed entity at line 164 char 49 of file:///Users/cmsmcq/2018/talks/Balisage-late-breaking/raising/testing/testdata.dtd
[cmsmcq@Salerno testing (1)]$ rxp.sh testfile.xml 
RXP 1.5.0 Copyright Richard Tobin, LTG, HCRC, University of Edinburgh
Input encoding UTF-8, output encoding UTF-8
[cmsmcq@Salerno testing (0)]$ mkdir 2018-07-16
[cmsmcq@Salerno testing (0)]$ cd 2018-07-16/
[cmsmcq@Salerno 2018-07-16 (0)]$ 
